
> frontend@0.0.0 build
> vite build

[36mvite v7.3.0 [32mbuilding client environment for production...[36m[39m
transforming...
[32mΓ£ô[39m 13 modules transformed.
node.exe : [31mΓ£ù[39m 
Build failed in 592ms
At line:1 char:1
+ & "C:\Program 
Files\nodejs/node.exe" "C:\Us
ers\ACER\AppData\Roaming\n 
...
+ ~~~~~~~~~~~~~~~~~~~~~~~~~~~
~~~~~~~~~~~~~~~~~~~~~~~~~~~~~
~~~~~~~~~~~~~
    + CategoryInfo           
   : NotSpecified: ([31mΓ£  
  ù[39m Build failed in 5   
 92ms:String) [], RemoteE    
xception
    + FullyQualifiedErrorId  
   : NativeCommandError
 
[31merror during build:
[31msrc/api.js (1:9): 
"API_BASE_URL" is not 
exported by "src/config.js", 
imported by 
"src/api.js".[31m
file: [36mC:/javaprograms/Co
smic-Timeline 
cloudflare/Cosmic-Timeline cl
oudflare/frontend/src/api.js:
1:9[31m
[33m
1: import { API_BASE_URL } 
from './config';
            ^
2: import { getCache, 
setCache, getCacheKey } from 
'./utils/browserCache';
[31m
    at getRollupError (file:/
//C:/javaprograms/Cosmic-Time
line%20cloudflare/Cosmic-Time
line%20cloudflare/frontend/no
de_modules/rollup/dist/es/sha
red/parseAst.js:401:41)
    at error (file:///C:/java
programs/Cosmic-Timeline%20cl
oudflare/Cosmic-Timeline%20cl
oudflare/frontend/node_module
s/rollup/dist/es/shared/parse
Ast.js:397:42)
    at Module.error (file:///
C:/javaprograms/Cosmic-Timeli
ne%20cloudflare/Cosmic-Timeli
ne%20cloudflare/frontend/node
_modules/rollup/dist/es/share
d/node-entry.js:17022:16)
    at Module.traceVariable (
file:///C:/javaprograms/Cosmi
c-Timeline%20cloudflare/Cosmi
c-Timeline%20cloudflare/front
end/node_modules/rollup/dist/
es/shared/node-entry.js:17478
:29)
    at 
ModuleScope.findVariable (fil
e:///C:/javaprograms/Cosmic-T
imeline%20cloudflare/Cosmic-T
imeline%20cloudflare/frontend
/node_modules/rollup/dist/es/
shared/node-entry.js:15141:39
)
    at 
FunctionScope.findVariable (f
ile:///C:/javaprograms/Cosmic
-Timeline%20cloudflare/Cosmic
-Timeline%20cloudflare/fronte
nd/node_modules/rollup/dist/e
s/shared/node-entry.js:5688:3
8)
    at FunctionBodyScope.find
Variable (file:///C:/javaprog
rams/Cosmic-Timeline%20cloudf
lare/Cosmic-Timeline%20cloudf
lare/frontend/node_modules/ro
llup/dist/es/shared/node-entr
y.js:5688:38)
    at Identifier.bind (file:
///C:/javaprograms/Cosmic-Tim
eline%20cloudflare/Cosmic-Tim
eline%20cloudflare/frontend/n
ode_modules/rollup/dist/es/sh
ared/node-entry.js:5462:40)
    at UnaryExpression.bind (
file:///C:/javaprograms/Cosmi
c-Timeline%20cloudflare/Cosmi
c-Timeline%20cloudflare/front
end/node_modules/rollup/dist/
es/shared/node-entry.js:2829:
23)
    at IfStatement.bind (file
:///C:/javaprograms/Cosmic-Ti
meline%20cloudflare/Cosmic-Ti
meline%20cloudflare/frontend/
node_modules/rollup/dist/es/s
hared/node-entry.js:2829:23)
[39m
